// Jest Snapshot v1, https://goo.gl/fbAQLP

exports[`Component 0 renders 1`] = `"css-1th3fel"`;

exports[`Component 1 renders 1`] = `"css-cyc7w5"`;

exports[`Component 2 renders 1`] = `"css-v6yx00"`;

exports[`Component 3 renders 1`] = `"css-hdhoyr"`;

exports[`Component 4 renders 1`] = `"css-w056aj"`;

exports[`Component 5 renders 1`] = `"css-bgyuim"`;

exports[`Component 6 renders 1`] = `"css-1k0gqa8"`;

exports[`Component 7 renders 1`] = `"css-rrm59m"`;

exports[`Component 8 renders 1`] = `"css-16qmz35"`;

exports[`Component 9 renders 1`] = `"css-12zvlbw"`;

exports[`Component 10 renders 1`] = `"css-sxjqc9"`;

exports[`Component 11 renders 1`] = `"css-16cpvi5"`;

exports[`Component 12 renders 1`] = `"css-g393ep"`;

exports[`Component 13 renders 1`] = `"css-roynbj"`;

exports[`Component 14 renders 1`] = `"css-1827oni"`;

exports[`Component 15 renders 1`] = `"css-16uog9g"`;

exports[`Component 16 renders 1`] = `"css-v62sr"`;

exports[`Component 17 renders 1`] = `"css-r6glpi"`;

exports[`Component 18 renders 1`] = `"css-168v0nu"`;

exports[`Component 19 renders 1`] = `"css-3dmdqb"`;

exports[`Component 20 renders 1`] = `"css-1fj49ni"`;

exports[`Component 21 renders 1`] = `"css-1fj49ni"`;

exports[`Component 22 renders 1`] = `"css-1rf0x0p"`;

exports[`Component 23 renders 1`] = `"css-1by1kmz"`;

exports[`Component 24 renders 1`] = `"css-tacz6j"`;

exports[`Component 25 renders 1`] = `"css-rtpp1p"`;

exports[`Component 26 renders 1`] = `"css-1qgt0tu"`;

exports[`Component 27 renders 1`] = `"css-8qu1ql"`;

exports[`Component 28 renders 1`] = `"css-1dji1sk"`;

exports[`Component 29 renders 1`] = `"css-17p8nyb"`;

exports[`Component 30 renders 1`] = `"css-w5tno6"`;

exports[`Component 31 renders 1`] = `"css-uazzts"`;

exports[`Component 32 renders 1`] = `"css-1wl5fpo"`;

exports[`Component 33 renders 1`] = `"css-a8h0qx"`;

exports[`Component 34 renders 1`] = `"css-hk3mm4"`;

exports[`Component 35 renders 1`] = `"css-1j4cx7m"`;

exports[`Component 36 renders 1`] = `"css-1eiqa7a"`;

exports[`Component 37 renders 1`] = `"css-v2alaw"`;

exports[`Component 38 renders 1`] = `"css-1j3fase"`;

exports[`Component 39 renders 1`] = `"css-zb0ibz"`;

exports[`Component 40 renders 1`] = `"css-1lz7wl3"`;

exports[`Component 41 renders 1`] = `"css-ywqi5n"`;

exports[`Component 42 renders 1`] = `"css-1vieind"`;

exports[`Component 43 renders 1`] = `"css-1h2i4ii"`;

exports[`Component 44 renders 1`] = `"css-1gjjzcn"`;

exports[`Component 45 renders 1`] = `"css-ikl2jj"`;

exports[`Component 46 renders 1`] = `"css-ufe6hj"`;

exports[`Component 47 renders 1`] = `"css-eshcuy"`;

exports[`Component 48 renders 1`] = `"css-7nzzr4"`;

exports[`Component 49 renders 1`] = `"css-1yg3zk9"`;

exports[`Component 50 renders 1`] = `"css-fmvcb6"`;

exports[`Component 51 renders 1`] = `"css-fs5xo9"`;

exports[`Component 52 renders 1`] = `"css-11aiyt4"`;

exports[`Component 53 renders 1`] = `"css-108cfh8"`;

exports[`Component 54 renders 1`] = `"css-1icz78d"`;

exports[`Component 55 renders 1`] = `"css-1wgjdhd"`;

exports[`Component 56 renders 1`] = `"css-1c5zq9r"`;

exports[`Component 57 renders 1`] = `"css-14y7xed"`;

exports[`Component 58 renders 1`] = `"css-mi7h12"`;

exports[`Component 59 renders 1`] = `"css-bv5c0r"`;

exports[`Component 60 renders 1`] = `"css-1e042ms"`;

exports[`Component 61 renders 1`] = `"css-68zbsl"`;

exports[`Component 62 renders 1`] = `"css-196jqjz"`;

exports[`Component 63 renders 1`] = `"css-1e3sj1t"`;

exports[`Component 64 renders 1`] = `"css-h7gl5m"`;

exports[`Component 65 renders 1`] = `"css-13tmvf7"`;

exports[`Component 66 renders 1`] = `"css-79p6ya"`;

exports[`Component 67 renders 1`] = `"css-fbrjo0"`;

exports[`Component 68 renders 1`] = `"css-roynbj"`;

exports[`Component 69 renders 1`] = `"css-8xl60i"`;

exports[`Component 70 renders 1`] = `"css-1idpeqj"`;

exports[`Component 71 renders 1`] = `"css-wlea3r"`;

exports[`Component 72 renders 1`] = `"css-9n3bbc"`;

exports[`Component 73 renders 1`] = `"css-13d3w74"`;

exports[`Component 74 renders 1`] = `"css-8kui69"`;

exports[`Component 75 renders 1`] = `"css-1y0h3u2"`;

exports[`Component 76 renders 1`] = `"css-aja1e7"`;

exports[`Component 77 renders 1`] = `"css-1dacand"`;

exports[`Component 78 renders 1`] = `"css-1o2slct"`;

exports[`Component 79 renders 1`] = `"css-1drbkg9"`;

exports[`Component 80 renders 1`] = `"css-p1hdku"`;

exports[`Component 81 renders 1`] = `"css-5tigzz"`;

exports[`Component 82 renders 1`] = `"css-1no595r"`;

exports[`Component 83 renders 1`] = `"css-9527m7"`;

exports[`Component 84 renders 1`] = `"css-1w14jv3"`;

exports[`Component 85 renders 1`] = `"css-7e64g9"`;

exports[`Component 86 renders 1`] = `"css-5oqj5t"`;

exports[`Component 87 renders 1`] = `"css-1qkvgnl"`;

exports[`Component 88 renders 1`] = `"css-p2ykkr"`;

exports[`Component 89 renders 1`] = `"css-uj3ky3"`;

exports[`Component 90 renders 1`] = `"css-thzv76"`;

exports[`Component 91 renders 1`] = `"css-1wq4akx"`;

exports[`Component 92 renders 1`] = `"css-169xr62"`;

exports[`Component 93 renders 1`] = `"css-nvmiwy"`;

exports[`Component 94 renders 1`] = `"css-169xr62"`;

exports[`Component 95 renders 1`] = `"css-nvmiwy"`;

exports[`Component 96 renders 1`] = `"css-19whxpe"`;

exports[`Component 97 renders 1`] = `"css-1tzeee1"`;

exports[`Component 98 renders 1`] = `"css-1vs9cou"`;

exports[`Component 99 renders 1`] = `"css-6cnn7x"`;

exports[`Component 100 renders 1`] = `"css-18g2ogn"`;

exports[`Component 101 renders 1`] = `"css-1a5bf0e"`;

exports[`Component 102 renders 1`] = `"css-8b1hqd"`;

exports[`Component 103 renders 1`] = `"css-1lhzqyi"`;

exports[`Component 104 renders 1`] = `"css-1mqja40"`;

exports[`Component 105 renders 1`] = `"css-n71mm4"`;

exports[`Component 106 renders 1`] = `"css-388kwc"`;

exports[`Component 107 renders 1`] = `"css-1y0g9bi"`;

exports[`Component 108 renders 1`] = `"css-1r57kyf"`;

exports[`Component 109 renders 1`] = `"css-k6sref"`;

exports[`Component 110 renders 1`] = `"css-1a7oyui"`;

exports[`Component 111 renders 1`] = `"css-1qdoa0e"`;

exports[`Component 112 renders 1`] = `"css-kqez56"`;

exports[`Component 113 renders 1`] = `"css-17923ty"`;

exports[`Component 114 renders 1`] = `"css-1aeh5vx"`;

exports[`Component 115 renders 1`] = `"css-xwnadr"`;

exports[`Component 116 renders 1`] = `"css-ayshjd"`;

exports[`Component 117 renders 1`] = `"css-144vlu9"`;

exports[`Component 118 renders 1`] = `"css-xdees7"`;

exports[`Component 119 renders 1`] = `"css-1ofy66z"`;

exports[`Component 120 renders 1`] = `"css-bkj8c"`;

exports[`Component 121 renders 1`] = `"css-bmjq4j"`;

exports[`Component 122 renders 1`] = `"css-10iahqc"`;

exports[`Component 123 renders 1`] = `"css-1vw5a1r"`;

exports[`Component 124 renders 1`] = `"css-1nw2x84"`;

exports[`Component 125 renders 1`] = `"css-9x4jlj"`;

exports[`Component 126 renders 1`] = `"css-kilw6e"`;

exports[`Component 127 renders 1`] = `"css-13brihr"`;

exports[`Component 128 renders 1`] = `"css-1ncsbtn"`;

exports[`Component 129 renders 1`] = `"css-ibk9g"`;

exports[`Component 130 renders 1`] = `"css-ufkhx2"`;

exports[`Component 131 renders 1`] = `"css-cgts8g"`;

exports[`Component 132 renders 1`] = `"css-1x2q6ya"`;

exports[`Component 133 renders 1`] = `"css-ddf2bd"`;

exports[`Component 134 renders 1`] = `"css-1a9l89f"`;

exports[`Component 135 renders 1`] = `"css-1fqgwix"`;
