// Jest Snapshot v1, https://goo.gl/fbAQLP

exports[`Keyframes should render into a animation-name 1`] = `
.emotion-0 {
  background-color: #000000;
  height: 100vh;
  width: 100vw;
  -webkit-animation-name: fade;
  animation-name: fade;
}

<div>
  <div
    class="emotion-0"
  />
</div>
`;
